{
    "-profile test_metadata": {
        "content": [
            57,
            {
                "BBMAP_ALIGN": {
                    "bbmap": 39.18,
                    "samtools": 1.21,
                    "pigz": 2.8
                },
                "BBMAP_INDEX": {
                    "bbmap": 39.18
                },
                "CAT_FNA": {
                    "pigz": 2.6
                },
                "CAT_GFF": {
                    "pigz": 2.6
                },
                "CHECK_DUPLICATES": {
                    "zgrep": 1.5
                },
                "COLLECT_FEATURECOUNTS": {
                    "R": "4.0.5",
                    "dplyr": "1.0.7",
                    "dtplyr": "1.1.0",
                    "data.table": "1.14.0"
                },
                "COLLECT_STATS": {
                    "R": "4.2.3",
                    "dplyr": "1.1.2",
                    "dtplyr": "1.3.1",
                    "data.table": "1.14.8",
                    "readr": "2.1.4",
                    "purrr": "1.0.1",
                    "tidyr": "1.3.0",
                    "stringr": "1.5.0"
                },
                "FASTQC": {
                    "fastqc": "0.12.1"
                },
                "FEATURECOUNTS": {
                    "subread": "2.0.6"
                },
                "GENOMES2ORFS": {
                    "sed": 4.9
                },
                "GENOMES_INDEX": {
                    "sourmash": "4.8.14"
                },
                "GENOMES_SKETCH": {
                    "sourmash": "4.8.14"
                },
                "PROKKAGFF2TSV": {
                    "R": "4.2.3",
                    "data.table": "1.14.8",
                    "dtplyr": "1.3.1",
                    "dplyr": "1.1.2",
                    "tidyr": "1.3.0",
                    "readr": "2.1.4"
                },
                "SAMPLES_SKETCH": {
                    "sourmash": "4.8.14"
                },
                "SAMTOOLS_FLAGSTAT": {
                    "samtools": 1.21
                },
                "SAMTOOLS_IDXSTATS": {
                    "samtools": 1.21
                },
                "SAMTOOLS_INDEX": {
                    "samtools": 1.21
                },
                "SAMTOOLS_SORT": {
                    "samtools": 1.21
                },
                "SAMTOOLS_STATS": {
                    "samtools": 1.21
                },
                "SOURMASH_GATHER": {
                    "sourmash": "4.8.14"
                },
                "TRIMGALORE": {
                    "trimgalore": "0.6.10",
                    "cutadapt": 4.9,
                    "pigz": 2.8
                },
                "Workflow": {
                    "nf-core/magmap": "v1.0.0dev"
                }
            },
            [
                "bbmap",
                "bbmap/logs",
                "bbmap/logs/s0.bbmap.log",
                "bbmap/logs/s1.bbmap.log",
                "bbmap/logs/s2.bbmap.log",
                "check",
                "check/genomes.genomes_with_duplicates.txt",
                "fastqc",
                "fastqc/s0_1_fastqc.html",
                "fastqc/s0_2_fastqc.html",
                "fastqc/s1_1_fastqc.html",
                "fastqc/s1_2_fastqc.html",
                "fastqc/s2_1_fastqc.html",
                "fastqc/s2_2_fastqc.html",
                "featurecounts",
                "featurecounts/s0.CDS.featureCounts.tsv",
                "featurecounts/s0.CDS.featureCounts.tsv.summary",
                "featurecounts/s0.rRNA.featureCounts.tsv",
                "featurecounts/s0.rRNA.featureCounts.tsv.summary",
                "featurecounts/s0.tRNA.featureCounts.tsv",
                "featurecounts/s0.tRNA.featureCounts.tsv.summary",
                "featurecounts/s0.tmRNA.featureCounts.tsv",
                "featurecounts/s0.tmRNA.featureCounts.tsv.summary",
                "featurecounts/s1.CDS.featureCounts.tsv",
                "featurecounts/s1.CDS.featureCounts.tsv.summary",
                "featurecounts/s1.rRNA.featureCounts.tsv",
                "featurecounts/s1.rRNA.featureCounts.tsv.summary",
                "featurecounts/s1.tRNA.featureCounts.tsv",
                "featurecounts/s1.tRNA.featureCounts.tsv.summary",
                "featurecounts/s1.tmRNA.featureCounts.tsv",
                "featurecounts/s1.tmRNA.featureCounts.tsv.summary",
                "featurecounts/s2.CDS.featureCounts.tsv",
                "featurecounts/s2.CDS.featureCounts.tsv.summary",
                "featurecounts/s2.rRNA.featureCounts.tsv",
                "featurecounts/s2.rRNA.featureCounts.tsv.summary",
                "featurecounts/s2.tRNA.featureCounts.tsv",
                "featurecounts/s2.tRNA.featureCounts.tsv.summary",
                "featurecounts/s2.tmRNA.featureCounts.tsv",
                "featurecounts/s2.tmRNA.featureCounts.tsv.summary",
                "multiqc",
                "multiqc/multiqc_data",
                "multiqc/multiqc_data/BETA-multiqc.parquet",
                "multiqc/multiqc_data/fastqc-status-check-heatmap.txt",
                "multiqc/multiqc_data/fastqc_adapter_content_plot.txt",
                "multiqc/multiqc_data/fastqc_overrepresented_sequences_plot.txt",
                "multiqc/multiqc_data/fastqc_per_base_n_content_plot.txt",
                "multiqc/multiqc_data/fastqc_per_base_sequence_quality_plot.txt",
                "multiqc/multiqc_data/fastqc_per_sequence_gc_content_plot_Counts.txt",
                "multiqc/multiqc_data/fastqc_per_sequence_gc_content_plot_Percentages.txt",
                "multiqc/multiqc_data/fastqc_per_sequence_quality_scores_plot.txt",
                "multiqc/multiqc_data/fastqc_sequence_counts_plot.txt",
                "multiqc/multiqc_data/fastqc_sequence_duplication_levels_plot.txt",
                "multiqc/multiqc_data/fastqc_top_overrepresented_sequences_table.txt",
                "multiqc/multiqc_data/llms-full.txt",
                "multiqc/multiqc_data/multiqc.log",
                "multiqc/multiqc_data/multiqc_citations.txt",
                "multiqc/multiqc_data/multiqc_data.json",
                "multiqc/multiqc_data/multiqc_fastqc.txt",
                "multiqc/multiqc_data/multiqc_general_stats.txt",
                "multiqc/multiqc_data/multiqc_software_versions.txt",
                "multiqc/multiqc_data/multiqc_sources.txt",
                "multiqc/multiqc_plots",
                "multiqc/multiqc_plots/pdf",
                "multiqc/multiqc_plots/pdf/fastqc-status-check-heatmap.pdf",
                "multiqc/multiqc_plots/pdf/fastqc_adapter_content_plot.pdf",
                "multiqc/multiqc_plots/pdf/fastqc_overrepresented_sequences_plot.pdf",
                "multiqc/multiqc_plots/pdf/fastqc_per_base_n_content_plot.pdf",
                "multiqc/multiqc_plots/pdf/fastqc_per_base_sequence_quality_plot.pdf",
                "multiqc/multiqc_plots/pdf/fastqc_per_sequence_gc_content_plot_Counts.pdf",
                "multiqc/multiqc_plots/pdf/fastqc_per_sequence_gc_content_plot_Percentages.pdf",
                "multiqc/multiqc_plots/pdf/fastqc_per_sequence_quality_scores_plot.pdf",
                "multiqc/multiqc_plots/pdf/fastqc_sequence_counts_plot-cnt.pdf",
                "multiqc/multiqc_plots/pdf/fastqc_sequence_counts_plot-pct.pdf",
                "multiqc/multiqc_plots/pdf/fastqc_sequence_duplication_levels_plot.pdf",
                "multiqc/multiqc_plots/pdf/fastqc_top_overrepresented_sequences_table.pdf",
                "multiqc/multiqc_plots/png",
                "multiqc/multiqc_plots/png/fastqc-status-check-heatmap.png",
                "multiqc/multiqc_plots/png/fastqc_adapter_content_plot.png",
                "multiqc/multiqc_plots/png/fastqc_overrepresented_sequences_plot.png",
                "multiqc/multiqc_plots/png/fastqc_per_base_n_content_plot.png",
                "multiqc/multiqc_plots/png/fastqc_per_base_sequence_quality_plot.png",
                "multiqc/multiqc_plots/png/fastqc_per_sequence_gc_content_plot_Counts.png",
                "multiqc/multiqc_plots/png/fastqc_per_sequence_gc_content_plot_Percentages.png",
                "multiqc/multiqc_plots/png/fastqc_per_sequence_quality_scores_plot.png",
                "multiqc/multiqc_plots/png/fastqc_sequence_counts_plot-cnt.png",
                "multiqc/multiqc_plots/png/fastqc_sequence_counts_plot-pct.png",
                "multiqc/multiqc_plots/png/fastqc_sequence_duplication_levels_plot.png",
                "multiqc/multiqc_plots/png/fastqc_top_overrepresented_sequences_table.png",
                "multiqc/multiqc_plots/svg",
                "multiqc/multiqc_plots/svg/fastqc-status-check-heatmap.svg",
                "multiqc/multiqc_plots/svg/fastqc_adapter_content_plot.svg",
                "multiqc/multiqc_plots/svg/fastqc_overrepresented_sequences_plot.svg",
                "multiqc/multiqc_plots/svg/fastqc_per_base_n_content_plot.svg",
                "multiqc/multiqc_plots/svg/fastqc_per_base_sequence_quality_plot.svg",
                "multiqc/multiqc_plots/svg/fastqc_per_sequence_gc_content_plot_Counts.svg",
                "multiqc/multiqc_plots/svg/fastqc_per_sequence_gc_content_plot_Percentages.svg",
                "multiqc/multiqc_plots/svg/fastqc_per_sequence_quality_scores_plot.svg",
                "multiqc/multiqc_plots/svg/fastqc_sequence_counts_plot-cnt.svg",
                "multiqc/multiqc_plots/svg/fastqc_sequence_counts_plot-pct.svg",
                "multiqc/multiqc_plots/svg/fastqc_sequence_duplication_levels_plot.svg",
                "multiqc/multiqc_plots/svg/fastqc_top_overrepresented_sequences_table.svg",
                "multiqc/multiqc_report.html",
                "pipeline_info",
                "pipeline_info/nf_core_magmap_software_mqc_versions.yml",
                "samtools",
                "samtools/s0.flagstat",
                "samtools/s0.idxstats",
                "samtools/s0.stats",
                "samtools/s1.flagstat",
                "samtools/s1.idxstats",
                "samtools/s1.stats",
                "samtools/s2.flagstat",
                "samtools/s2.idxstats",
                "samtools/s2.stats",
                "summary_tables",
                "summary_tables/genomes.genomes2orfs.tsv.gz",
                "summary_tables/magmap.CDS.counts.tsv.gz",
                "summary_tables/magmap.genomes.prokka-annotations.tsv.gz",
                "summary_tables/magmap.overall_stats.tsv.gz",
                "summary_tables/magmap.rRNA.counts.tsv.gz",
                "summary_tables/magmap.summary_table.taxonomy.tsv",
                "summary_tables/magmap.tRNA.counts.tsv.gz",
                "summary_tables/magmap.tmRNA.counts.tsv.gz",
                "summary_tables/versions.yml",
                "trimgalore",
                "trimgalore/fastqc",
                "trimgalore/fastqc/s0_1_val_1_fastqc.html",
                "trimgalore/fastqc/s0_2_val_2_fastqc.html",
                "trimgalore/fastqc/s1_1_val_1_fastqc.html",
                "trimgalore/fastqc/s1_2_val_2_fastqc.html",
                "trimgalore/fastqc/s2_1_val_1_fastqc.html",
                "trimgalore/fastqc/s2_2_val_2_fastqc.html",
                "trimgalore/s0_1.fastq.gz_trimming_report.txt",
                "trimgalore/s0_2.fastq.gz_trimming_report.txt",
                "trimgalore/s1_1.fastq.gz_trimming_report.txt",
                "trimgalore/s1_2.fastq.gz_trimming_report.txt",
                "trimgalore/s2_1.fastq.gz_trimming_report.txt",
                "trimgalore/s2_2.fastq.gz_trimming_report.txt"
            ],
            [
                "genomes.genomes_with_duplicates.txt:md5,d41d8cd98f00b204e9800998ecf8427e",
                "s0.CDS.featureCounts.tsv:md5,c46ad2f282d938b1822cd180e80af3b5",
                "s0.CDS.featureCounts.tsv.summary:md5,cce142e4d8a19d734d198d112b937f5b",
                "s0.rRNA.featureCounts.tsv:md5,37e7c517c68e23da861a6a424bf189af",
                "s0.rRNA.featureCounts.tsv.summary:md5,b9244610eb0035e6ab51c2dd09777a56",
                "s0.tRNA.featureCounts.tsv:md5,952c64c868e5f5ac8a84f7567d37109a",
                "s0.tRNA.featureCounts.tsv.summary:md5,0b043e6c97ffeaffa0ceec9920c1b872",
                "s0.tmRNA.featureCounts.tsv:md5,0dc7a569093de67079fc8cf628eb8f77",
                "s0.tmRNA.featureCounts.tsv.summary:md5,0dae4feb46c09241cae7b169f9eb70ee",
                "s1.CDS.featureCounts.tsv:md5,f2f55b9f738d2225b828fbbdf08d27f1",
                "s1.CDS.featureCounts.tsv.summary:md5,463d9fb12bfaf9a1e45b3b347bae8435",
                "s1.rRNA.featureCounts.tsv:md5,f134819268c63524bc02176bda22aeaf",
                "s1.rRNA.featureCounts.tsv.summary:md5,bcca181c262a0551058b4aaa1833aecf",
                "s1.tRNA.featureCounts.tsv:md5,95a69d1682ba5bbb59094cdd91fd33c7",
                "s1.tRNA.featureCounts.tsv.summary:md5,3676e7344f64b60585df464ba96b90e7",
                "s1.tmRNA.featureCounts.tsv:md5,730c8ab268d2190fa96b1ca5a74ca3d1",
                "s1.tmRNA.featureCounts.tsv.summary:md5,cb927566558e2d08c7aca47e07a2b580",
                "s2.CDS.featureCounts.tsv:md5,7133b2576c29c88c6c069b4883f31d36",
                "s2.CDS.featureCounts.tsv.summary:md5,816d0418dea9e43a7409382403385d9d",
                "s2.rRNA.featureCounts.tsv:md5,59ec39e3f500e35025bc00eeafc4c282",
                "s2.rRNA.featureCounts.tsv.summary:md5,e3a11a30bcb4a0ba7f0003046a221965",
                "s2.tRNA.featureCounts.tsv:md5,849ecc4cccdad7de14bccb8eaebe51da",
                "s2.tRNA.featureCounts.tsv.summary:md5,0792cac1136e931f937423bcd04a45b6",
                "s2.tmRNA.featureCounts.tsv:md5,b2a77d6d7633cc88cdc39dca472f18a2",
                "s2.tmRNA.featureCounts.tsv.summary:md5,37b4324375e66e1ab7227af28986a2d7",
                "fastqc-status-check-heatmap.txt:md5,dc1bf56fcdaf9d486c808354b9af6fc6",
                "fastqc_adapter_content_plot.txt:md5,847ded8ccf3c10ab66d421e61933a899",
                "fastqc_overrepresented_sequences_plot.txt:md5,882815485253c9c8d4dcbf3c3d58d364",
                "fastqc_per_base_n_content_plot.txt:md5,63f48e7650148b7c49b9e4ea0ab57abb",
                "fastqc_per_base_sequence_quality_plot.txt:md5,9b42854a4b81fc0f76684960682ba25e",
                "fastqc_per_sequence_gc_content_plot_Counts.txt:md5,94d18520ec9f2cf01b9f8c41078eb77f",
                "fastqc_per_sequence_gc_content_plot_Percentages.txt:md5,d8f4cd87ddbcfcfbcaf87bf42b64b012",
                "fastqc_per_sequence_quality_scores_plot.txt:md5,3d32fc7eed7468abed6450cc8c7c3322",
                "fastqc_sequence_counts_plot.txt:md5,aa8603ccb9c0d0d188281d1764f03330",
                "fastqc_sequence_duplication_levels_plot.txt:md5,f8316c4463604b6c67902115f894f429",
                "multiqc_citations.txt:md5,4c806e63a283ec1b7e78cdae3a923d4f",
                "multiqc_fastqc.txt:md5,ce7f1eb1bdf9591922528372e806963d",
                "multiqc_general_stats.txt:md5,78b2c328015423377db1ecc9f095f946",
                "s0.flagstat:md5,f8eaaafad9434db9438ec25d48ba9047",
                "s0.idxstats:md5,4a04311707bb95d71fffd60cff2349e5",
                "s0.stats:md5,2a15acaba6c5591c783b7588057225ce",
                "s1.flagstat:md5,f8eaaafad9434db9438ec25d48ba9047",
                "s1.idxstats:md5,4a04311707bb95d71fffd60cff2349e5",
                "s1.stats:md5,d1eda48753582cd094ec13e39783b7b7",
                "s2.flagstat:md5,b92d02d8e78dec195caae18c5d67e112",
                "s2.idxstats:md5,9f8cc331d59610b5f63c6434c06b16cb",
                "s2.stats:md5,03c8d157793b33afc22b8bbffcf66e42",
                "magmap.CDS.counts.tsv.gz:md5,5621759e7d2ab21dd9fd5531572003f9",
                "magmap.genomes.prokka-annotations.tsv.gz:md5,cb5a40b5f6a1dd29f5fe57789529d092",
                "magmap.overall_stats.tsv.gz:md5,02cf83bb55dc03d42d55de81edfb9038",
                "magmap.rRNA.counts.tsv.gz:md5,55e310e9a104228961a5ee57bda43383",
                "magmap.summary_table.taxonomy.tsv:md5,9c226f26ea6d7f72c7f0341ab08d9803",
                "magmap.tRNA.counts.tsv.gz:md5,eebaf40afc7481eb44d48affb73dbf09",
                "magmap.tmRNA.counts.tsv.gz:md5,8cefb676fb0eb83f1c740bb15abce318",
                "versions.yml:md5,45fea9f37ee50b872e18ca387c9d704d",
                "s0_1_val_1_fastqc.html:md5,3a3c9644eb162ee8d85e7d0a5fd3b18c",
                "s0_2_val_2_fastqc.html:md5,5d891e7709869506cbf80d88221885f4",
                "s1_1_val_1_fastqc.html:md5,e88f9308413c812448307eab98dffef3",
                "s1_2_val_2_fastqc.html:md5,bccf7481747a9e5ab0ba30ef627326ae",
                "s2_1_val_1_fastqc.html:md5,acba289b11fc12878dce4193fa738e2b",
                "s2_2_val_2_fastqc.html:md5,493fa7c90c34c2c84edd2d701bd83abc"
            ]
        ],
        "meta": {
            "nf-test": "0.9.2",
            "nextflow": "25.04.6"
        },
        "timestamp": "2025-08-14T17:22:48.349282745"
    }
}