{
    "-profile test_sourmash": {
        "content": [
            5,
            {
                "FASTQC": {
                    "fastqc": "0.12.1"
                },
                "SAMPLE_SKETCH": {
                    "sourmash": "4.8.14"
                },
                "SOURMASH_GATHER": {
                    "sourmash": "4.8.14"
                },
                "TRIMGALORE": {
                    "trimgalore": "0.6.10",
                    "cutadapt": 4.9,
                    "pigz": 2.8
                },
                "Workflow": {
                    "nf-core/magmap": "v1.0.0dev"
                }
            },
            [
                "fastqc",
                "fastqc/twogenomes_1_fastqc.html",
                "fastqc/twogenomes_2_fastqc.html",
                "pipeline_info",
                "pipeline_info/nf_core_magmap_software_mqc_versions.yml",
                "trimgalore",
                "trimgalore/fastqc",
                "trimgalore/fastqc/twogenomes_1_val_1_fastqc.html",
                "trimgalore/fastqc/twogenomes_2_val_2_fastqc.html",
                "trimgalore/twogenomes_1.fastq.gz_trimming_report.txt",
                "trimgalore/twogenomes_2.fastq.gz_trimming_report.txt"
            ],
            [
                
            ]
        ],
        "meta": {
            "nf-test": "0.9.2",
            "nextflow": "25.04.7"
        },
        "timestamp": "2025-09-23T09:55:49.116746501"
    }
}